// Vitest Snapshot v1, https://vitest.dev/guide/snapshot.html

exports[`public homepage and branding > serves a static homepage without published document information or JS 1`] = `
"<!doctype html>
<html lang="en">
<head>
<meta charset="utf-8">
<meta name="viewport" content="width=device-width, initial-scale=1">
<meta name="referrer" content="no-referrer">
<meta name="robots" content="noindex,nofollow,noarchive">
<meta name="description" content="Mote — publish local Markdown as immutable, browser-readable pages.">
<title>Mote — Markdown in, URL out.</title>
<link rel="icon" href="/favicon.ico" sizes="16x16 32x32">
<link rel="icon" href="/favicon.svg" type="image/svg+xml">
<style>
:root {
  --mote-fg: #1f2328;
  --mote-bg: #ffffff;
  --mote-muted: #59636e;
  --mote-border: #d1d9e0;
  --mote-link: #0969da;
  --mote-code-bg: #eff1f3;
  --mote-pre-bg: #f6f8fa;
  --mote-toc-bg: #f6f8fa;
}

@media (prefers-color-scheme: dark) {
  :root {
    --mote-fg: #e6edf3;
    --mote-bg: #0d1117;
    --mote-muted: #9198a1;
    --mote-border: #3d444d;
    --mote-link: #4493f8;
    --mote-code-bg: #2f3742;
    --mote-pre-bg: #161b22;
    --mote-toc-bg: #161b22;
  }
}

body {
  margin: 0;
  background: var(--mote-bg);
  color: var(--mote-fg);
  font-family: -apple-system, BlinkMacSystemFont, "Segoe UI", "Noto Sans",
    Helvetica, Arial, sans-serif;
  font-size: 16px;
  line-height: 1.6;
  word-wrap: break-word;
}

main {
  max-width: 860px;
  margin: 0 auto;
  padding: 2rem 1rem 4rem;
}

h1, h2, h3, h4, h5, h6 {
  margin: 1.5em 0 0.6em;
  line-height: 1.25;
  font-weight: 600;
}

h1 { font-size: 1.9em; padding-bottom: 0.3em; border-bottom: 1px solid var(--mote-border); }
h2 { font-size: 1.5em; padding-bottom: 0.3em; border-bottom: 1px solid var(--mote-border); }
h3 { font-size: 1.25em; }
h4 { font-size: 1em; }

p, ul, ol, blockquote, table, pre { margin: 0 0 1em; }

a { color: var(--mote-link); text-decoration: none; }
a:hover { text-decoration: underline; }

code, kbd, pre {
  font-family: ui-monospace, SFMono-Regular, "SF Mono", Menlo, Consolas,
    "Liberation Mono", monospace;
}

code {
  background: var(--mote-code-bg);
  padding: 0.15em 0.35em;
  border-radius: 6px;
  font-size: 0.85em;
}

pre {
  background: var(--mote-pre-bg);
  padding: 0.8rem 1rem;
  border-radius: 8px;
  overflow-x: auto;
  font-size: 0.85em;
  line-height: 1.5;
}

pre code {
  background: transparent;
  padding: 0;
  border-radius: 0;
  font-size: inherit;
}

blockquote {
  margin-left: 0;
  padding: 0 1em;
  color: var(--mote-muted);
  border-left: 0.25em solid var(--mote-border);
}

table {
  display: block;
  width: max-content;
  max-width: 100%;
  overflow-x: auto;
  border-collapse: collapse;
}

th, td {
  padding: 0.4em 0.8em;
  border: 1px solid var(--mote-border);
}

th { font-weight: 600; }

img { max-width: 100%; height: auto; box-sizing: border-box; }

hr {
  height: 1px;
  border: 0;
  background: var(--mote-border);
  margin: 1.5em 0;
}

.toc {
  background: var(--mote-toc-bg);
  border: 1px solid var(--mote-border);
  border-radius: 8px;
  padding: 0.8rem 1.2rem;
  margin: 0 0 1.5em;
  font-size: 0.9em;
}

.toc ul { margin: 0; padding-left: 1.2em; }
.toc li { margin: 0.15em 0; }

:root { --mote-brand: #ef5552; --home-link: #c23c39; }
@media (prefers-color-scheme: dark) { :root { --home-link: #ff8582; } }
.home-header, .home-footer, .features { max-width: 1152px; margin: 0 auto; }
.home-header { display: flex; justify-content: space-between; align-items: center; padding: 30px 24px; }
.home-header svg { display: block; width: 164px; height: auto; }
@media (prefers-color-scheme: dark) { .home-header [data-wordmark] { fill: #e6edf3; } }
.header-rule { border-bottom: 1px solid var(--mote-border); }
a { color: var(--home-link); text-decoration: underline; text-underline-offset: 4px; }
a:hover { text-decoration-thickness: 2px; }
a:focus-visible { outline: 2px solid var(--home-link); outline-offset: 6px; border-radius: 2px; }
.home-header a, .home-footer a { color: var(--mote-fg); }
.home-main { max-width: 792px; padding: 62px 24px 0; }
.hero h1 { font-size: clamp(42px, 7.3vw, 100px); line-height: 1.04; letter-spacing: -0.025em; font-weight: 700; border: 0; margin: 0 0 26px; padding: 0; }
.hero h1 span { color: var(--mote-brand); }
.hero p { font-size: 22px; margin-bottom: 28px; }
.hero nav { display: flex; gap: 40px; font-size: 20px; }
.quickstart { padding-top: 62px; scroll-margin-top: 24px; }
.quickstart h2 { border: 0; margin: 0 0 14px; padding: 0; font-size: 34px; letter-spacing: -0.03em; }
.quickstart pre { border: 1px solid var(--mote-border); padding: 18px; font-size: 16px; line-height: 1.65; margin-bottom: 14px; }
.quickstart p { color: var(--mote-muted); font-size: 15px; }
.publish-methods { border: 0; margin: 24px 0 0; padding: 0; min-width: 0; display: grid; grid-template-columns: repeat(3, 1fr); }
.visually-hidden { position: absolute; width: 1px; height: 1px; padding: 0; margin: -1px; overflow: hidden; clip-path: inset(50%); white-space: nowrap; border: 0; }
.method-label { text-align: center; padding: 12px 16px; font-size: 17px; font-weight: 600; color: var(--mote-muted); cursor: pointer; border-bottom: 2px solid var(--mote-border); }
.method-label:hover { color: var(--mote-fg); background: var(--mote-pre-bg); }
.method-choice:checked + .method-label { color: var(--home-link); border-color: var(--mote-brand); }
.method-choice:focus-visible + .method-label { outline: 2px solid var(--home-link); outline-offset: -4px; border-radius: 4px; }
.publish-option { display: none; grid-column: 1 / -1; min-width: 0; padding-top: 24px; }
#method-cli:checked ~ #panel-cli, #method-mcp:checked ~ #panel-mcp, #method-skill:checked ~ #panel-skill { display: block; }
.publish-option p:last-child { margin-bottom: 0; }
.publish-option .option-summary { font-size: 17px; margin-bottom: 16px; }
@media print {
  .publish-option { display: block; }
  .method-label { display: none; }
}
.features { display: grid; grid-template-columns: repeat(4, 1fr); gap: 32px; padding: 48px 24px; }
.features h2 { font-size: 22px; border: 0; padding: 0; margin: 0 0 8px; }
.features p { font-size: 18px; color: var(--mote-muted); margin: 0; }
.home-footer { border-top: 1px solid var(--mote-border); display: flex; justify-content: space-between; gap: 24px; padding: 28px 0 36px; }
.home-footer nav { display: flex; flex-wrap: wrap; gap: 16px 30px; }
.footer-wrap { padding: 0 24px; }
@media (max-width: 640px) {
  .home-header { padding: 20px 24px; }
  .home-header svg { width: 120px; }
  .home-main { padding-top: 40px; }
  .hero p { font-size: 18px; }
  .hero nav { font-size: 18px; gap: 32px; }
  .quickstart { padding-top: 42px; }
  .quickstart h2 { font-size: 26px; }
  .features { grid-template-columns: repeat(2, 1fr); gap: 28px 20px; padding-top: 36px; }
  .features h2 { font-size: 20px; }
  .features p { font-size: 16px; }
  .home-footer { flex-direction: column; }
}
</style>
</head>
<body>
<div class="header-rule"><header class="home-header">
<svg xmlns="http://www.w3.org/2000/svg" viewBox="0 0 1204 304" role="img" aria-label="Mote">
  <g fill="#ef5552" transform="translate(-394 -225)">
    <path fill-rule="evenodd" d="M415 361Q415 348 426 337L508 257Q517 248 530 248H594Q610 248 621 259L704 339Q714 349 714 363V483Q714 504 693 504H652V424C652 382 590 382 590 424V504H547V424C547 382 484 382 484 424V504H437Q415 504 415 482ZM438 351H495Q524 351 524 322V267Z"/>
    <rect x="702" y="245" width="64" height="65" rx="12"/>
    <g fill="#20252b" data-wordmark="true">
    <path d="M828 335H870V351C896 322 941 326 967 354C997 322 1042 326 1066 350Q1082 368 1082 395V504H1039V404C1039 360 977 360 977 404V504H934V404C934 360 870 360 870 404V504H828Z"/>
    <path fill-rule="evenodd" d="M1187 331C1240 331 1279 369 1279 420C1279 471 1240 508 1187 508C1134 508 1095 471 1095 420C1095 369 1134 331 1187 331ZM1187 371C1159 371 1138 391 1138 420C1138 449 1159 469 1187 469C1215 469 1236 449 1236 420C1236 391 1215 371 1187 371Z"/>
    <path d="M1309 278H1353V333H1391V367H1353V444Q1353 467 1376 467H1397V502Q1383 505 1370 505Q1309 505 1309 447V367H1281V333H1309Z"/>
    <path fill-rule="evenodd" d="M1578 437H1442C1448 459 1464 471 1488 471Q1513 471 1528 454H1572C1558 489 1528 508 1488 508C1435 508 1399 471 1399 420C1399 369 1436 331 1489 331C1544 331 1578 369 1578 420ZM1444 404H1535C1529 382 1513 369 1489 369C1467 369 1450 382 1444 404Z"/>
    </g>
  </g>
</svg>

<a href="https://github.com/flc1125/mote">GitHub</a>
</header></div>
<main class="home-main">
<section class="hero" aria-labelledby="intro">
<h1 id="intro">Markdown in.<br><span>URL out.</span></h1>
<p>Publish local Markdown as immutable, browser-readable pages.</p>
<nav aria-label="Get started"><a href="#quickstart">Get started</a><a href="https://github.com/flc1125/mote#readme">Read the docs</a></nav>
</section>
<section class="quickstart" id="quickstart" aria-labelledby="quickstart-title">
<h2 id="quickstart-title">From file to link.</h2>
<fieldset class="publish-methods">
<legend class="visually-hidden">Choose a publishing method</legend>
<input class="method-choice visually-hidden" type="radio" name="publish-method" id="method-cli" aria-controls="panel-cli" checked>
<label class="method-label" for="method-cli">CLI</label>
<input class="method-choice visually-hidden" type="radio" name="publish-method" id="method-mcp" aria-controls="panel-mcp">
<label class="method-label" for="method-mcp">MCP</label>
<input class="method-choice visually-hidden" type="radio" name="publish-method" id="method-skill" aria-controls="panel-skill">
<label class="method-label" for="method-skill">Skill</label>
<section class="publish-option" id="panel-cli" aria-label="CLI instructions">
<p class="option-summary">Publish from your terminal.</p>
<pre tabindex="0" role="region" aria-label="CLI quick start commands"><code>npm install -g mote-cli
mote login
mote README.md</code></pre>
<p>Log in to your Access-enabled Mote instance. Your instance is remembered for future publishes. For other authentication modes, see the <a href="https://github.com/flc1125/mote/blob/main/docs/authentication.md">authentication guide</a>.</p>
</section>
<section class="publish-option" id="panel-mcp" aria-label="MCP instructions">
<p class="option-summary">Connect your AI assistant. For example, with Codex:</p>
<pre tabindex="0" role="region" aria-label="Codex MCP setup commands"><code>codex mcp add mote --url https://mote.flc.io/api/mcp
codex mcp login mote</code></pre>
<p>Use your own instance URL. Before connecting, complete the instance-specific OAuth client and callback configuration in the <a href="https://github.com/flc1125/mote/blob/main/docs/mcp.md">MCP setup guide</a>. Then ask your assistant to publish Markdown.</p>
</section>
<section class="publish-option" id="panel-skill" aria-label="Skill instructions">
<p class="option-summary">Teach your agent when and how to publish.</p>
<pre tabindex="0" role="region" aria-label="Skill installation command"><code>npx skills add flc1125/mote --skill mote</code></pre>
<p>Choose your agent during installation. The skill uses your configured CLI or MCP tools; set up one of them first. See the <a href="https://github.com/flc1125/mote/blob/main/docs/skill.md">Skill guide</a>.</p>
</section>
</fieldset>
</section>
</main>
<section class="features" aria-label="Features">
<div><h2>Immutable</h2><p>Every publish is a new page.</p></div>
<div><h2>Capability URLs</h2><p>Share the link, share access.</p></div>
<div><h2>Fast</h2><p>Served from the edge.</p></div>
<div><h2>No JavaScript</h2><p>Just the document.</p></div>
</section>
<div class="footer-wrap"><footer class="home-footer">
<nav aria-label="Documentation">
<a href="https://github.com/flc1125/mote/blob/main/docs/self-hosting.md">Self-hosting</a>
<a href="https://github.com/flc1125/mote/blob/main/docs/architecture.md">Architecture</a>
<a href="https://github.com/flc1125/mote/blob/main/docs/protocol.md">Protocol</a>
<a href="https://github.com/flc1125/mote/blob/main/docs/security.md">Security</a>
<a href="https://github.com/flc1125/mote/blob/main/docs/cli.md">CLI</a>
<a href="https://github.com/flc1125/mote/blob/main/docs/mcp.md">MCP</a>
<a href="https://github.com/flc1125/mote/blob/main/docs/skill.md">Skill</a>
</nav>
<a href="https://github.com/flc1125/mote/blob/main/LICENSE">MIT License</a>
</footer></div>
</body>
</html>
"
`;
